11
15
15
15
4
3
252
15
11
0
11
252
7
252
7
3
3
255
255
252
